
[1m[46m RUN [49m[22m [36mv4.0.18 [39m[90mC:/Users/mateu/OneDrive/Documentos/Meus Projetos Naveo/Central de Gestão Naveo[39m

(node:20436) Warning: `--localstorage-file` was provided without a valid path
(Use `node --trace-warnings ...` to show where the warning was created)
 [31m❯[39m src/components/ThemeProvider.test.tsx [2m([22m[2m2 tests[22m[2m | [22m[31m2 failed[39m[2m)[22m[32m 6[2mms[22m[39m
[31m     [31m×[31m deve inicializar com o tema "dark" por padrão[39m[32m 3[2mms[22m[39m
[31m     [31m×[31m deve alternar o tema ao clicar[39m[32m 1[2mms[22m[39m

[31m⎯⎯⎯⎯⎯⎯⎯[39m[1m[41m Failed Tests 2 [49m[22m[31m⎯⎯⎯⎯⎯⎯⎯[39m

[41m[1m FAIL [22m[49m src/components/ThemeProvider.test.tsx[2m > [22mThemeProvider[2m > [22mdeve inicializar com o tema "dark" por padrão
[41m[1m FAIL [22m[49m src/components/ThemeProvider.test.tsx[2m > [22mThemeProvider[2m > [22mdeve alternar o tema ao clicar
[31m[1mTypeError[22m: localStorage.clear is not a function[39m
[36m [2m❯[22m src/components/ThemeProvider.test.tsx:[2m25:18[22m[39m
    [90m 23| [39m[34mdescribe[39m([32m"ThemeProvider"[39m[33m,[39m () [33m=>[39m {
    [90m 24| [39m  [34mbeforeEach[39m(() [33m=>[39m {
    [90m 25| [39m    localStorage[33m.[39m[34mclear[39m()[33m;[39m
    [90m   | [39m                 [31m^[39m
    [90m 26| [39m    [90m// mock window.matchMedia[39m
    [90m 27| [39m    [33mObject[39m[33m.[39m[34mdefineProperty[39m(window[33m,[39m [32m"matchMedia"[39m[33m,[39m {

[31m[2m⎯⎯⎯⎯⎯⎯⎯⎯⎯⎯⎯⎯⎯⎯⎯⎯⎯⎯⎯⎯⎯⎯⎯⎯[1/2]⎯[22m[39m


[2m Test Files [22m [1m[31m1 failed[39m[22m[90m (1)[39m
[2m      Tests [22m [1m[31m2 failed[39m[22m[90m (2)[39m
[2m   Start at [22m 13:02:34
[2m   Duration [22m 1.53s[2m (transform 56ms, setup 0ms, import 366ms, tests 6ms, environment 942ms)[22m

